// Jest Snapshot v1, https://goo.gl/fbAQLP

exports[`<Admin /> renders and matches the snapshot 1`] = `
<WithStyles(Page)>
  <WithStyles(PleaseSignIn)>
    <WithStyles(Navigation)>
      <WithStyles(IsAdmin)>
        <WithStyles(UsersGeneralInfo) />
      </WithStyles(IsAdmin)>
    </WithStyles(Navigation)>
  </WithStyles(PleaseSignIn)>
</WithStyles(Page)>
`;
