// Jest Snapshot v1, https://goo.gl/fbAQLP

exports[`<GameplayDataSummary /> renders and matches the snapshot 1`] = `
<GameplayDataSummary
  classes={
    Object {
      "seasonInfo": "GameplayDataSummary-seasonInfo-2",
      "seasonInfoContainer": "GameplayDataSummary-seasonInfoContainer-1",
    }
  }
/>
`;
